// Jest Snapshot v1, https://goo.gl/fbAQLP

exports[`<SelectDocs/> should render the HowItWorks component 1`] = `
<DocumentFragment>
  <div
    class="css-15xukzj"
  >
    <h2
      class="chakra-heading css-17pfrz0"
    >
      Select a doc set
    </h2>
    <div
      class="chakra-stack css-1mtxuht"
    >
      <div
        class="css-0"
      >
        <div
          class="css-yqjfh3"
        >
          <div
            class="css-1ki4hma"
          >
            <img
              class="chakra-image css-x3wokz"
              loading="lazy"
              src="img/calico-logo-badge.svg"
            />
          </div>
          <p
            class="chakra-text css-3o8wkr"
          >
            Calico Open Source
          </p>
        </div>
      </div>
      <div
        class="css-0"
      >
        <div
          class="css-yqjfh3"
        >
          <div
            class="css-1ki4hma"
          >
            <img
              class="chakra-image css-x3wokz"
              loading="lazy"
              src="/img/calico-enterprise-logo-badge.svg"
            />
          </div>
          <p
            class="chakra-text css-3o8wkr"
          >
            Calico Enterprise
          </p>
        </div>
      </div>
      <div
        class="css-0"
      >
        <div
          class="css-yqjfh3"
        >
          <div
            class="css-1ki4hma"
          >
            <img
              class="chakra-image css-x3wokz"
              loading="lazy"
              src="/img/calico-cloud-logo-badge.svg"
            />
          </div>
          <p
            class="chakra-text css-3o8wkr"
          >
            Calico Cloud
          </p>
        </div>
      </div>
    </div>
  </div>
</DocumentFragment>
`;
