// Jest Snapshot v1, https://goo.gl/fbAQLP

exports[`<ProductInfo/> should render the ProductInfo component 1`] = `
<DocumentFragment>
  <div
    class="css-no833j"
  >
    <h2
      class="chakra-heading css-17pfrz0"
    >
      About Tigera products
    </h2>
    <div
      class="css-13eezxd"
    >
      <div
        class="css-gj2cxj"
      >
        <div
          class="css-sg0obw"
        >
          <img
            class="chakra-image css-pudfjs"
            loading="lazy"
            src="img/calico-open-source.svg"
          />
        </div>
        <div
          class="css-k7jigo"
        >
          <h2
            class="chakra-heading css-ai6lyh"
          >
            Calico Open Source
          </h2>
          <div
            class="css-0"
          >
            <p
              class="chakra-text css-1ajo0si"
            >
              A free, self-managed networking and security solution for containers, virtual machines, and native host-based workloads.
            </p>
            <p
              class="chakra-text css-1ajo0si"
            >
              Provides networking, network policy, and IP address management capabilities for cloud-native applications.
            </p>
          </div>
          <div
            class="css-pay0va"
          >
            <a
              aria-label="Go to docs"
              class="chakra-link chakra-button css-1p3p583"
              href="/calico/latest/about/"
            >
              Visit the documentation
            </a>
          </div>
        </div>
      </div>
    </div>
    <div
      class="css-13eezxd"
    >
      <div
        class="css-nm773b"
      >
        <div
          class="css-1irrp4u"
        >
          <img
            class="chakra-image css-pudfjs"
            loading="lazy"
            src="img/calico-enterprise.drawio.svg"
          />
        </div>
        <div
          class="css-1h9v7dl"
        >
          <h2
            class="chakra-heading css-ai6lyh"
          >
            Calico Enterprise
          </h2>
          <div
            class="css-0"
          >
            <p
              class="chakra-text css-1ajo0si"
            >
              A paid, self-managed security and observability solution for containers and Kubernetes.
            </p>
            <p
              class="chakra-text css-1ajo0si"
            >
              Extends Calico Open Sourceâ€™s networking and network security capabilities to offer more advanced security and observability capabilities for organizations running Kubernetes at scale.
            </p>
          </div>
          <div
            class="css-pay0va"
          >
            <a
              aria-label="Go to docs"
              class="chakra-link chakra-button css-1p3p583"
              href="/calico-enterprise/latest/about/"
            >
              Visit the documentation
            </a>
          </div>
        </div>
      </div>
    </div>
    <div
      class="css-13eezxd"
    >
      <div
        class="css-gj2cxj"
      >
        <div
          class="css-sg0obw"
        >
          <img
            class="chakra-image css-pudfjs"
            loading="lazy"
            src="img/calico-cloud-features.svg"
          />
        </div>
        <div
          class="css-k7jigo"
        >
          <h2
            class="chakra-heading css-ai6lyh"
          >
            Calico Cloud
          </h2>
          <div
            class="css-0"
          >
            <p
              class="chakra-text css-1ajo0si"
            >
              A pay-as-you-go, SaaS application that provides comprehensive container security across the entire container lifecycle (build, deploy, runtime).
            </p>
            <p
              class="chakra-text css-1ajo0si"
            >
              A fully-managed version of Calico Enterprise that adds container image scanning and advanced threat detection capabilities.
            </p>
          </div>
          <div
            class="css-pay0va"
          >
            <a
              aria-label="Go to docs"
              class="chakra-link chakra-button css-1p3p583"
              href="calico-cloud/about"
            >
              Visit the documentation
            </a>
          </div>
        </div>
      </div>
    </div>
  </div>
</DocumentFragment>
`;
